
> tailwindui-template@0.1.0 build
> next build

   Γû▓ Next.js 16.0.7 (Turbopack)
   - Environments: .env.local

   Creating an optimized production build ...
 Γ£ô Compiled successfully in 41s
   Running TypeScript ...
   Collecting page data using 7 workers ...
   Generating static pages using 7 workers (0/514) ...
loading potsdam from API
loading stockholm from API
loading dongguan from API
loading wien from API
loading macau from API
loading hk from API
loaded from file cache
loaded from file cache
loading albuquerque from API
   Generating static pages using 7 workers (128/514) 
loading atlanta from API
loading austin from API
